[backblue.gif]
[fade.gif]
[index.html]
[www.guidetypo3.com/typo3temp/javascript_93077bb238.js]
[www.guidetypo3.com/fileadmin/templates/v1/js/jquery-1.4.1.js]
[www.guidetypo3.com/fileadmin/templates/v1/images/favicon.ico]
[www.guidetypo3.com/fileadmin/templates/flexibles_contents/dragtoshare/dragToShare14.js]
[www.guidetypo3.com/fileadmin/templates/v1/js/jquery-ui.js]
[www.guidetypo3.com/fileadmin/templates/v1/js/scrolltopcontrol.js]
[www.guidetypo3.com/fileadmin/templates/v1/images/nav-bg-left.png]
[www.guidetypo3.com/fileadmin/templates/v1/images/nav-bg-right.png]
[1.bp.blogspot.com/_5rlxf3T9Z9U/SsIX7-C1GYI/AAAAAAAADco/5XubUJ34o2c/warning_32.png]
[www.guidetypo3.com/fileadmin/templates/v1/images/bullet_triangle_2.gif]
[graphics8.nytimes.com/images/global/word_reference/ref_bubble.png]
[www.guidetypo3.com/fileadmin/templates/v1/images/download.png]
[www.guidetypo3.com/fileadmin/images/btn/btn-vide.png]
[www.guidetypo3.com/fileadmin/templates/v1/js/jquery.lazyload.js]
[apis.google.com/js/plusone.js]
[www.guidetypo3.com/indexee9f.html]
[www.guidetypo3.com/fileadmin/templates/v1/images/logo.png]
[www.guidetypo3.com/fileadmin/images/icones/sitemap.png]
[www.guidetypo3.com/fileadmin/images/icones/showreel.png]
[www.guidetypo3.com/fileadmin/images/icones/category.png]
[www.guidetypo3.com/fileadmin/images/icones/business-contact.png]
[www.guidetypo3.com/fileadmin/images/icones/config.png]
[www.guidetypo3.com/fileadmin/images/icones/administrative-docs.png]
[www.guidetypo3.com/fileadmin/images/icones/photography.png]
[www.guidetypo3.com/fileadmin/images/icones/bookmark.png]
[www.guidetypo3.com/fileadmin/images/icones/link.png]
[www.guidetypo3.com/fileadmin/images/icones/illustration.png]
[www.guidetypo3.com/fileadmin/images/icones/flag.png]
[www.guidetypo3.com/fileadmin/images/icones/premium.png]
[www.guidetypo3.com/fileadmin/images/icones/graphic-design.png]
[www.guidetypo3.com/fileadmin/images/icones/product-design.png]
[www.guidetypo3.com/fileadmin/images/icones/upcoming-work.png]
[www.guidetypo3.com/fileadmin/images/icones/process.png]
[www.guidetypo3.com/fileadmin/images/icones/attibutes.png]
[www.guidetypo3.com/fileadmin/images/icones/customers.png]
[cdn.planethoster.net/images/bannieres/FPlanetHoster-728x90-01.gif]
[cdn.planethoster.net/images/bannieres/FPlanetHoster-200x200-01.gif]
[www.guidetypo3.com/fileadmin/images/pubs/banner_t3_fundraising_180x120.gif]
[www.guidetypo3.com/fileadmin/images/pubs/t3con_speakers_ad.jpg]
[www.guidetypo3.com/fileadmin/images/pubs/Phoenix_Sprint_5.png]
[pagead2.googlesyndication.com/pagead/f.txt]
[cdn.planethoster.net/images/bannieres/Fbutton-88x31-02.gif]
[www.guidetypo3.com/fileadmin/templates/v1/images/logo_typo3.png]
[www.guidetypo3.com/tutoriaux.html]
[www.guidetypo3.com/typo3temp/stylesheet_7365c95366.css]
[www.guidetypo3.com/fileadmin/templates/v1/images/background.png]
[www.guidetypo3.com/fileadmin/templates/v1/images/rss.png]
[www.guidetypo3.com/fileadmin/templates/v1/images/facebook.png]
[www.guidetypo3.com/fileadmin/templates/v1/images/twitter.png]
[www.guidetypo3.com/fileadmin/templates/v1/images/blogger.png]
[www.guidetypo3.com/fileadmin/templates/v1/images/nav_div.gif]
[www.guidetypo3.com/fileadmin/templates/v1/images/nav_bg.gif]
[www.guidetypo3.com/fileadmin/templates/v1/images/nav_bg_hover.gif]
[www.guidetypo3.com/fileadmin/templates/v1/images/rechtext.png]
[www.guidetypo3.com/fileadmin/templates/v1/images/rechbt.png]
[www.guidetypo3.com/fileadmin/templates/v1/images/top_container.png]
[www.guidetypo3.com/fileadmin/templates/v1/images/top_container_home.png]
[www.guidetypo3.com/fileadmin/templates/v1/images/container.png]
[www.guidetypo3.com/fileadmin/templates/v1/images/container_home.png]
[www.guidetypo3.com/fileadmin/templates/v1/images/footer.png]
[www.guidetypo3.com/fileadmin/templates/v1/images/filtre.gif]
[www.guidetypo3.com/fileadmin/templates/v1/images/puce_suite.gif]
[www.guidetypo3.com/fileadmin/templates/v1/images/potencial.gif]
[www.guidetypo3.com/fileadmin/templates/v1/images/ideal.gif]
[www.guidetypo3.com/fileadmin/templates/v1/images/innovative.gif]
[www.guidetypo3.com/fileadmin/templates/v1/images/potencial_hover.gif]
[www.guidetypo3.com/fileadmin/templates/v1/images/ideal_hover.gif]
[www.guidetypo3.com/fileadmin/templates/v1/images/innovative_hover.gif]
[www.guidetypo3.com/fileadmin/templates/v1/images/recap_link_bg.gif]
[www.guidetypo3.com/fileadmin/templates/v1/images/arrow.gif]
[www.guidetypo3.com/fileadmin/templates/v1/images/desc_ext.png]
[www.guidetypo3.com/fileadmin/templates/v1/images/boite_typo3.png]
[www.guidetypo3.com/fileadmin/templates/v1/images/stable.png]
[www.guidetypo3.com/fileadmin/templates/v1/images/beta.png]
[www.guidetypo3.com/fileadmin/templates/v1/images/alpha.png]
[www.guidetypo3.com/fileadmin/templates/v1/images/link_d.png]
[www.guidetypo3.com/fileadmin/templates/v1/images/link_g.png]
[www.guidetypo3.com/fileadmin/templates/v1/images/degrader_bg.gif]
[www.guidetypo3.com/fileadmin/templates/v1/images/dotted_lines.gif]
[www.guidetypo3.com/fileadmin/templates/v1/images/contact_gauche.png]
[www.guidetypo3.com/fileadmin/templates/v1/images/contact_droite.png]
[www.guidetypo3.com/fileadmin/templates/v1/images/link_g2.png]
[www.guidetypo3.com/fileadmin/templates/v1/css/style-v11.css]
[www.guidetypo3.com/fileadmin/templates/flexibles_contents/dragtoshare/iconSprite.png]
[www.guidetypo3.com/fileadmin/templates/flexibles_contents/dragtoshare/dragToShare-v1.css]
[www.guidetypo3.com/typo3/sysext/indexed_search/pi/res/pages.gif]
[www.guidetypo3.com/recherche/mots-cles/{term}/index.html]
[ajax.googleapis.com/ajax/libs/jquery/1/jquery.min.js]
[www.guidetypo3.com/typo3conf/ext/t3s_jslidernews/res/js/jquery.easingc093.js]
[www.guidetypo3.com/typo3conf/ext/t3s_jslidernews/res/js/jslidernewsc093.js]
[www.guidetypo3.com/fileadmin/templates/v1/images/box_title.png]
[www.guidetypo3.com/uploads/tx_t3sjslidernews/sommet.jpg]
[www.guidetypo3.com/uploads/tx_t3sjslidernews/extensions.jpg]
[www.guidetypo3.com/uploads/tx_t3sjslidernews/actu.jpg]
[www.guidetypo3.com/uploads/pics/bandeau_t3uni13.png]
[www.guidetypo3.com/uploads/pics/t3uni12_09.png]
[www.guidetypo3.com/uploads/pics/t3uni12.png]
[www.guidetypo3.com/uploads/pics/t3uni12_01.png]
[www.guidetypo3.com/uploads/pics/t3uni12_02.png]
[www.guidetypo3.com/uploads/pics/t3uni12_03.png]
[www.guidetypo3.com/uploads/pics/t3uni12_04.png]
[www.guidetypo3.com/uploads/pics/t3uni12_05.png]
[www.guidetypo3.com/index.html]
[www.guidetypo3.com/uploads/media/tt_news_3.0.1.gif]
[www.guidetypo3.com/uploads/media/felogin_1.3.0.gif]
[www.guidetypo3.com/uploads/media/realurl_1.8.1.gif]
[www.guidetypo3.com/extensions.html]
[www.guidetypo3.com/trucs-et-astuces.html]
[www.guidetypo3.com/uploads/pics/mastering-typoscript-typo3-website-template_01.jpg]
[www.guidetypo3.com/typoscript.html]
[www.guidetypo3.com/fileadmin/images/pubs/rn-bg-44.jpg]
[www.guidetypo3.com/fileadmin/images/pubs/rn-cta-btn.png]
[www.guidetypo3.com/uploads/tx_templavoila/download2.png]
[www.guidetypo3.com/uploads/tx_templavoila/template.png]
[www.guidetypo3.com/uploads/tx_templavoila/traduction-fr.png]
[www.guidetypo3.com/uploads/tx_templavoila/tutorial.png]
[www.guidetypo3.com/telechargements.html]
[www.guidetypo3.com/uploads/tx_templavoila/block.png]
[www.guidetypo3.com/uploads/RTEmagicC_btn-contact.png.png]
[www.guidetypo3.com/uploads/RTEmagicC_btn-linkedin.png.png]
[www.guidetypo3.com/uploads/RTEmagicC_btn-twitter.png.png]
[www.guidetypo3.com/uploads/RTEmagicC_btn-facebook.png.png]
[www.guidetypo3.com/typo3temp/javascript_d06e767efe.js]
[www.guidetypo3.com/contact.html]
[www.guidetypo3.com/t3lib/jsfunc.updateform.js]
[www.guidetypo3.com/t3lib/jsfunc.evalfield.js]
[www.guidetypo3.com/proposer-un-article.html]
[www.guidetypo3.com/fileadmin/images/icones/32/sitemap.png]
[www.guidetypo3.com/clear.gif]
[www.guidetypo3.com/uploads/RTEmagicC_typo3-tree-ssh.jpg.jpg]
[www.guidetypo3.com/tutoriaux/article/le-package-typo3.html]
[www.guidetypo3.com/fileadmin/images/icones/32/showreel.png]
[www.guidetypo3.com/uploads/RTEmagicC_the_install_tool_is_locked.png.png]
[www.guidetypo3.com/uploads/RTEmagicC_installing_typo3_4_4.png.png]
[www.guidetypo3.com/uploads/RTEmagicC_installing_typo3_4_4_etape_1.png.png]
[www.guidetypo3.com/uploads/RTEmagicC_installing_typo3_4_4_etape_2.png.png]
[www.guidetypo3.com/uploads/RTEmagicC_installing_typo3_4_4_etape_3.png.png]
[www.guidetypo3.com/uploads/RTEmagicC_installing_typo3_4_4_fin.png.png]
[www.guidetypo3.com/tutoriaux/article/installation-en-mode-123.html]
[www.guidetypo3.com/fileadmin/images/icones/32/category.png]
[www.guidetypo3.com/uploads/RTEmagicC_arborescence_vide.png.png]
[www.guidetypo3.com/uploads/RTEmagicC_create_new_page.png.png]
[www.guidetypo3.com/uploads/RTEmagicC_new_page.png.png]
[www.guidetypo3.com/uploads/RTEmagicC_second_page.png.png]
[www.guidetypo3.com/uploads/RTEmagicC_click_page.png.png]
[www.guidetypo3.com/uploads/RTEmagicC_create_multiple_pages.png.png]
[www.guidetypo3.com/uploads/RTEmagicC_arborescence_pleine.png.png]
[www.guidetypo3.com/tutoriaux/article/gestion-de-larborescence.html]
[www.guidetypo3.com/fileadmin/images/icones/32/business-contact.png]
[www.guidetypo3.com/uploads/RTEmagicC_typical_page_content_01.png.png]
[www.guidetypo3.com/uploads/RTEmagicC_special_elements.png.png]
[www.guidetypo3.com/uploads/RTEmagicC_form_elements.png.png]
[www.guidetypo3.com/uploads/RTEmagicC_plugins.png.png]
[www.guidetypo3.com/tutoriaux/article/les-differents-types-de-pages-de-contenus.html]
[www.guidetypo3.com/fileadmin/images/icones/32/config.png]
[www.guidetypo3.com/uploads/RTEmagicC_arborescence_membre.png.png]
[www.guidetypo3.com/uploads/RTEmagicC_contenu_membre.png.png]
[www.guidetypo3.com/uploads/RTEmagicC_liste_groupes.png.png]
[www.guidetypo3.com/uploads/RTEmagicC_liste_membres.png.png]
[www.guidetypo3.com/tutoriaux/article/configuration-de-ladministrateur-systeme.html]
[www.guidetypo3.com/fileadmin/images/icones/32/administrative-docs.png]
[www.guidetypo3.com/uploads/RTEmagicC_arborescence_membre_01.png.png]
[www.guidetypo3.com/uploads/RTEmagicC_page_permission.png.png]
[www.guidetypo3.com/uploads/RTEmagicC_page_permission_edit.png.png]
[www.guidetypo3.com/uploads/RTEmagicC_page_permission_after_edition.png.png]
[www.guidetypo3.com/tutoriaux/article/securite-sur-les-pages.html]
[www.guidetypo3.com/fileadmin/images/icones/32/photography.png]
[www.guidetypo3.com/tutoriaux/article/gestion-de-contenus.html]
[www.guidetypo3.com/fileadmin/images/icones/32/bookmark.png]
[www.guidetypo3.com/tutoriaux/article/mise-en-forme-du-texte.html]
[www.guidetypo3.com/fileadmin/images/icones/32/link.png]
[www.guidetypo3.com/uploads/RTEmagicC_typo3-icone-lien.jpg.jpg]
[www.guidetypo3.com/uploads/RTEmagicC_typo3-link-page.jpg.jpg]
[www.guidetypo3.com/uploads/RTEmagicC_typo3-link-file.jpg.jpg]
[www.guidetypo3.com/uploads/RTEmagicC_typo3-link-external-url.jpg.jpg]
[www.guidetypo3.com/uploads/RTEmagicC_typo3-link-email.jpg.jpg]
[www.guidetypo3.com/tutoriaux/article/gestion-des-liens.html]
[www.guidetypo3.com/fileadmin/images/icones/32/illustration.png]
[www.guidetypo3.com/tutoriaux/article/gestion-des-images.html]
[www.guidetypo3.com/fileadmin/images/icones/32/flag.png]
[www.guidetypo3.com/tutoriaux/article/traductions-des-pages-et-contenus.html]
[www.guidetypo3.com/fileadmin/images/icones/32/premium.png]
[www.guidetypo3.com/tutoriaux/article/le-langage-typoscript.html]
[www.guidetypo3.com/fileadmin/images/icones/32/graphic-design.png]
[www.guidetypo3.com/tutoriaux/article/gestion-des-gabarits.html]
[www.guidetypo3.com/fileadmin/images/icones/32/product-design.png]
[www.guidetypo3.com/tutoriaux/article/gestion-des-css-et-javascript.html]
[www.guidetypo3.com/fileadmin/images/icones/32/upcoming-work.png]
[www.guidetypo3.com/tutoriaux/article/gestion-des-extensions-typo3.html]
[www.guidetypo3.com/fileadmin/images/icones/32/process.png]
[www.guidetypo3.com/tutoriaux/article/etendre-les-fonctionnalites.html]
[www.guidetypo3.com/fileadmin/images/icones/32/attibutes.png]
[www.guidetypo3.com/uploads/RTEmagicC_typo3-form-1.jpg.jpg]
[www.guidetypo3.com/uploads/RTEmagicC_typo3-form-2.jpg.jpg]
[www.guidetypo3.com/typo3/sysext/t3skin/icons/gfx/pil2up.gif]
[www.guidetypo3.com/typo3/sysext/t3skin/icons/gfx/garbage.gif]
[www.guidetypo3.com/typo3/sysext/t3skin/icons/gfx/pil2down.gif]
[www.guidetypo3.com/typo3/sysext/t3skin/icons/gfx/add.gif]
[www.guidetypo3.com/tutoriaux/article/creer-des-formulaires.html]
[www.guidetypo3.com/fileadmin/images/icones/32/customers.png]
[www.guidetypo3.com/tutoriaux/article/gestion-dun-workflow.html]
[www.guidetypo3.com/mentions-legales.html]
[www.guidetypo3.com/plan-du-site.html]
[www.guidetypo3.com/recherchea5e0.html]
[www.guidetypo3.com/uploads/pics/guidetypo3-4-5.png]
[www.guidetypo3.com/trucs-et-astuces/article/guidetypo3com-en-typo3-version-45-lts.html]
[www.guidetypo3.com/typo3conf/ext/sp_socialbookmarks/res/js/socialbookmarks.js]
[www.guidetypo3.com/actualite/article/guidetypo3com-en-typo3-version-45-lts.html]
[www.guidetypo3.com/en/news/article/guidetypo3com-in-typo3-version-45-lts.html]
[www.guidetypo3.com/uploads/pics/TYPO3_Beta_-_typo3.org.png]
[www.guidetypo3.com/uploads/RTEmagicC_Beta_TYPO3_-_typo3.org.png.png]
[www.guidetypo3.com/trucs-et-astuces/article/site-beta-previewtypo3org.html]
[www.guidetypo3.com/uploads/RTEmagicC_Beta_TYPO3_-_typo3.org_01.png.png]
[www.guidetypo3.com/en/news/article/beta-site-previewtypo3org.html]
[www.guidetypo3.com/actualite/article/site-beta-previewtypo3org.html]
[www.guidetypo3.com/uploads/pics/t3translation_01.jpg]
[www.guidetypo3.com/trucs-et-astuces/article/serveur-de-translation-typo3.html]
[www.guidetypo3.com/uploads/pics/t3translation_02.jpg]
[www.guidetypo3.com/en/news/article/typo3-translation-server.html]
[www.guidetypo3.com/actualite/article/serveur-de-translation-typo3.html]
[www.guidetypo3.com/en/tips-and-tricks/article/insert-a-highlight-code-in-an-tt-news-article.html]
[www.guidetypo3.com/typo3conf/ext/t3s_jslidernews/res/images/load-indicator.gif]
[www.guidetypo3.com/typo3conf/ext/t3s_jslidernews/res/images/bg_trans.png]
[www.guidetypo3.com/typo3conf/ext/t3s_jslidernews/res/images/b_next.png]
[www.guidetypo3.com/typo3conf/ext/t3s_jslidernews/res/images/b_prev.png]
[www.guidetypo3.com/typo3conf/ext/t3s_jslidernews/res/css/style6c093.css]
[www.guidetypo3.com/indexd61c.html]
[www.guidetypo3.com/indexd708.html]
[www.guidetypo3.com/indexdcfd.html]
[www.guidetypo3.com/index.php/plugins/page-flip-image-gallery/upload.html]
[www.guidetypo3.com/actualite/article/demarrage-de-la-t3uni13.html]
[www.guidetypo3.com/uploads/pics/t3uni12_06.png]
[www.guidetypo3.com/uploads/pics/t3uni12_07.png]
[www.guidetypo3.com/uploads/pics/t3uni12_08.png]
[www.guidetypo3.com/uploads/pics/Inspiring-people-to-party2.png]
[www.guidetypo3.com/uploads/pics/typo3-46-alpha1.jpg]
[www.guidetypo3.com/uploads/pics/typo3-overview-t3con11.jpg]
[www.guidetypo3.com/page/1.html]
[www.guidetypo3.com/uploads/pics/t3uni.jpg]
[www.guidetypo3.com/uploads/pics/typo3-template-part2.jpg]
[www.guidetypo3.com/uploads/pics/newsletter-typo3-01-2011.jpg]
[www.guidetypo3.com/uploads/pics/typo3-developer-days.jpg]
[www.guidetypo3.com/uploads/pics/typo3-template-part1.jpg]
[www.guidetypo3.com/uploads/pics/typo3-google-adsense.png]
[www.guidetypo3.com/uploads/pics/pack-icones-typo3.jpg]
[www.guidetypo3.com/page/2.html]
[www.guidetypo3.com/uploads/pics/site-ngo_01.png]
[www.guidetypo3.com/uploads/pics/typo3-tunis_01.gif]
[www.guidetypo3.com/uploads/pics/typo3_templates_01.gif]
[www.guidetypo3.com/uploads/pics/typo3-web-service-iphone.png]
[www.guidetypo3.com/uploads/pics/slide-fluid.jpg]
[www.guidetypo3.com/uploads/pics/TYPO3_-_Choisir_TYPO3_-_CMS_libre_et_open_source_pour_entreprise.png]
[www.guidetypo3.com/uploads/pics/typo3_backendAdmin.jpg]
[www.guidetypo3.com/uploads/pics/keywords.jpg]
[www.guidetypo3.com/page/3.html]
[www.guidetypo3.com/uploads/pics/metadata.jpg]
[www.guidetypo3.com/uploads/pics/pagetree-with-id.png]
[www.guidetypo3.com/uploads/pics/powermail.png]
[www.guidetypo3.com/page/4.html]
[www.guidetypo3.com/proposer-une-offre-demploi.html]
[www.guidetypo3.com/fileadmin/images/jobs/clock.gif]
[www.guidetypo3.com/typo3/sysext/t3skin/images/flags/tn.png]
[www.guidetypo3.com/typo3/sysext/t3skin/images/flags/fr.png]
[www.guidetypo3.com/offres-demploi.html]
[www.guidetypo3.com/uploads/tx_templavoila/tt_news_3.0.1.gif]
[www.guidetypo3.com/extensions/news-tt-news.html]
[www.guidetypo3.com/uploads/tx_templavoila/felogin_1.3.0.gif]
[www.guidetypo3.com/extensions/frontend-login-for-website-users-felogin.html]
[www.guidetypo3.com/typo3conf/ext/tan3_glider/res/jquery-1.3.2.min.js]
[www.guidetypo3.com/typo3conf/ext/tan3_glider/res/jquery.scrollTo-1.4.2-min.js]
[www.guidetypo3.com/typo3conf/ext/tan3_glider/res/jquery.localscroll-1.2.7-min.js]
[www.guidetypo3.com/typo3conf/ext/tan3_glider/res/jquery.serialScroll-1.2.1-min.js]
[www.guidetypo3.com/typo3conf/ext/tan3_glider/res/glider.js]
[www.guidetypo3.com/uploads/tx_templavoila/realurl_1.8.1.gif]
[www.guidetypo3.com/extensions/realurl-speaking-paths-for-typo3-realurl.html]
[www.guidetypo3.com/uploads/RTEmagicC_typo3-langue-en.jpg.jpg]
[www.guidetypo3.com/trucs-et-astuces/article/gestion-des-langues-sous-typo3.html]
[www.guidetypo3.com/trucs-et-astuces/article/desactiver-le-javascript-dans-powermail.html]
[www.guidetypo3.com/trucs-et-astuces/article/typoscript-changer-le-doctype-par-defaut.html]
[www.guidetypo3.com/trucs-et-astuces/article/typoscript-creer-un-lien-avec-typolink.html]
[www.guidetypo3.com/trucs-et-astuces/article/typoscript-modifier-la-balise-body.html]
[www.guidetypo3.com/trucs-et-astuces/article/typoscript-inserer-un-plugin-dans-toutes-les-pages.html]
[www.guidetypo3.com/trucs-et-astuces/article/verifier-un-site-sur-google.html]
[www.guidetypo3.com/trucs-et-astuces/page/1.html]
[www.guidetypo3.com/trucs-et-astuces/page/2.html]
[www.guidetypo3.com/telechargements/telecharger-cms-typo3.html]
[www.guidetypo3.com/telechargements/templates-typo3.html]
[www.guidetypo3.com/telechargements/traduction-extensions-typo3.html]
[www.guidetypo3.com/contrib/modernizr/modernizr.min.html]
[www.guidetypo3.com/trucs-et-astuces/article/ajouter-un-shortcut-icon.html]
[www.guidetypo3.com/trucs-et-astuces/article/inserer-des-flux-rss.html]
[www.guidetypo3.com/recherche15bd.html]
[www.guidetypo3.com/indexbfaa.html]
[www.guidetypo3.com/trucs-et-astuces/article/liens-vider-tous-les-caches.html]
[www.guidetypo3.com/trucs-et-astuces/article/champs-speciaux-dans-mailform-typo3.html]
[www.guidetypo3.com/uploads/tx_t3sjslidernews/sommet_01.jpg]
[www.guidetypo3.com/uploads/tx_t3sjslidernews/extensions_01.jpg]
[www.guidetypo3.com/uploads/tx_t3sjslidernews/actu_01.jpg]
[www.guidetypo3.com/en.html]
[www.guidetypo3.com/en/home.html]
[www.guidetypo3.com/en/extensions.html]
[www.guidetypo3.com/en/tips-and-tricks.html]
[www.guidetypo3.com/en/tutorials.html]
[www.guidetypo3.com/en/typoscript.html]
[www.guidetypo3.com/uploads/tx_templavoila/download2_02.png]
[www.guidetypo3.com/uploads/tx_templavoila/template_01.png]
[www.guidetypo3.com/uploads/tx_templavoila/traduction-fr_01.png]
[www.guidetypo3.com/uploads/tx_templavoila/tutorial_01.png]
[www.guidetypo3.com/en/downloads.html]
[www.guidetypo3.com/typo3temp/javascript_5d263d379a.js]
[www.guidetypo3.com/en/contact.html]
[www.guidetypo3.com/en/suggest-an-article.html]
[www.guidetypo3.com/en/our-contact.html]
[www.guidetypo3.com/en/legal-mentions.html]
[www.guidetypo3.com/en/site-map.html]
[www.guidetypo3.com/index7bef.html]
[www.guidetypo3.com/index948a.html]
[www.guidetypo3.com/indexf302.html]
[www.guidetypo3.com/uploads/RTEmagicC_typo3-langue-en_01.jpg.jpg]
[www.guidetypo3.com/en/tips-and-tricks/article/language-management-in-typo3.html]
[www.guidetypo3.com/indexccf1.html]
[www.guidetypo3.com/actualite/article/la-sortie-de-typo3-46-en-version-finale.html]
[www.guidetypo3.com/actualite/article/la-sortie-de-typo3-46-en-version-alpha1.html]
[www.guidetypo3.com/actualite/article/t3con11-frankfurt-sous-typo3-version-50.html]
[www.guidetypo3.com/actualite/article/universite-dete-typo3-2011-t3uni11.html]
[www.guidetypo3.com/fileadmin/images/news/templates/avril2011/boosting.jpg]
[www.guidetypo3.com/fileadmin/images/news/templates/avril2011/bouqet.jpg]
[www.guidetypo3.com/fileadmin/images/news/templates/avril2011/breakfast.jpg]
[www.guidetypo3.com/fileadmin/images/news/templates/avril2011/brewedcoffee.jpg]
[www.guidetypo3.com/fileadmin/images/news/templates/avril2011/brycesunrise.jpg]
[www.guidetypo3.com/fileadmin/images/news/templates/avril2011/cattleya.jpg]
[www.guidetypo3.com/fileadmin/images/news/templates/avril2011/characterized.jpg]
[www.guidetypo3.com/fileadmin/images/news/templates/avril2011/chasmogamous.jpg]
[www.guidetypo3.com/fileadmin/images/news/templates/avril2011/citylights.jpg]
[www.guidetypo3.com/fileadmin/images/news/templates/avril2011/cleantype.jpg]
[www.guidetypo3.com/actualite/article/templates-typo3-gratuits-partie-2.html]
[www.guidetypo3.com/actualite/article/newsletter-typo3.html]
[www.guidetypo3.com/actualite/article/typo3-developer-days-2011.html]
[www.guidetypo3.com/fileadmin/images/news/templates/mars2011/abundant.jpg]
[www.guidetypo3.com/fileadmin/images/news/templates/mars2011/adhesive.jpg]
[www.guidetypo3.com/fileadmin/images/news/templates/mars2011/beachsunset.jpg]
[www.guidetypo3.com/fileadmin/images/news/templates/mars2011/barnyard.jpg]
[www.guidetypo3.com/fileadmin/images/news/templates/mars2011/bananaleaf.jpg]
[www.guidetypo3.com/fileadmin/images/news/templates/mars2011/anther.jpg]
[www.guidetypo3.com/fileadmin/images/news/templates/mars2011/artificial.jpg]
[www.guidetypo3.com/fileadmin/images/news/templates/mars2011/assiduous.jpg]
[www.guidetypo3.com/fileadmin/images/news/templates/mars2011/balloonr.jpg]
[www.guidetypo3.com/fileadmin/images/news/templates/mars2011/blackandwhite.jpg]
[www.guidetypo3.com/actualite/article/templates-typo3-gratuits-partie-1.html]
[www.guidetypo3.com/uploads/RTEmagicC_crossadsens.png.png]
[www.guidetypo3.com/uploads/RTEmagicC_googleadsense.png.png]
[www.guidetypo3.com/actualite/article/integrer-adsense-a-votre-site-typo3.html]
[www.guidetypo3.com/uploads/media/pack-icones-typo3.rar]
[www.guidetypo3.com/actualite/article/pack-dicones-typo3-pour-reseaux-sociaux.html]
[www.guidetypo3.com/actualite/article/nouvelle-agence-web-sitengo.html]
[www.guidetypo3.com/uploads/RTEmagicC_opensource-tn_01.gif.gif]
[www.guidetypo3.com/uploads/RTEmagicC_emploi-gov-tn.gif.gif]
[www.guidetypo3.com/uploads/RTEmagicC_e-justice-tn.gif.gif]
[www.guidetypo3.com/uploads/RTEmagicC_infocom-tn.gif.gif]
[www.guidetypo3.com/uploads/RTEmagicC_douane-gov-tn.gif.gif]
[www.guidetypo3.com/uploads/RTEmagicC_edunet-tn.gif.gif]
[www.guidetypo3.com/uploads/RTEmagicC_sagemcom-com.gif.gif]
[www.guidetypo3.com/uploads/RTEmagicC_mdci-gov-tn.gif.gif]
[www.guidetypo3.com/uploads/RTEmagicC_plansolairetunisien-tn.gif.gif]
[www.guidetypo3.com/uploads/RTEmagicC_aicto-org.gif.gif]
[www.guidetypo3.com/uploads/RTEmagicC_medplast-net.gif.gif]
[www.guidetypo3.com/uploads/RTEmagicC_atpne-net.gif.gif]
[www.guidetypo3.com/uploads/RTEmagicC_biweb-biz.gif.gif]
[www.guidetypo3.com/uploads/RTEmagicC_graphianet-com.gif.gif]
[www.guidetypo3.com/uploads/RTEmagicC_amdmetal-com.gif.gif]
[www.guidetypo3.com/uploads/RTEmagicC_okaftan-com.gif.gif]
[www.guidetypo3.com/uploads/RTEmagicC_lamsin.gif.gif]
[www.guidetypo3.com/uploads/RTEmagicC_webone-tunisie-com.gif.gif]
[www.guidetypo3.com/uploads/RTEmagicC_sfax-icttechnopark-tn.gif.gif]
[www.guidetypo3.com/actualite/article/sites-tunisiens-made-with-typo3.html]
[www.guidetypo3.com/uploads/RTEmagicC_sh_02.jpg.jpg]
[www.guidetypo3.com/uploads/RTEmagicC_sh_04.jpg.jpg]
[www.guidetypo3.com/uploads/RTEmagicC_sh_051.jpg.jpg]
[www.guidetypo3.com/uploads/RTEmagicC_sh_06.jpg.jpg]
[www.guidetypo3.com/uploads/RTEmagicC_sh_05.jpg.jpg]
[www.guidetypo3.com/uploads/RTEmagicC_sh_021_01.jpg.jpg]
[www.guidetypo3.com/uploads/RTEmagicC_sh_031.jpg.jpg]
[www.guidetypo3.com/uploads/RTEmagicC_sh_10.jpg.jpg]
[www.guidetypo3.com/actualite/article/templates-typo3-gratuits.html]
[www.guidetypo3.com/actualite/article/typo3-web-service.html]
[www.guidetypo3.com/actualite/article/nouveaux-slides-sur-fluid.html]
[www.guidetypo3.com/actualite/article/lancement-du-nouveau-site-typo3-frorg.html]
[3.bp.blogspot.com/_mRJHpU4iHdU/TCOBFuCDAEI/AAAAAAAAAJc/JIM5zIsVe1w/s400/typo3_backendAdmin.jpg]
[www.guidetypo3.com/actualite/article/la-sortie-de-typo3-44-en-version-stable.html]
[www.guidetypo3.com/actualite/article/referencement-des-articles-tt-news.html]
[www.guidetypo3.com/actualite/article/referencement-avec-typo3.html]
[www.guidetypo3.com/actualite/article/afficher-les-id-des-pages-en-backend.html]
[www.guidetypo3.com/actualite/article/powermail-vidage-de-session.html]
[www.guidetypo3.com/fileadmin/images/jobs/typo3jobs.png]
[www.guidetypo3.com/offres-demploi/article/developpeur-confirme-typo3-cdi-tunis.html]
[www.guidetypo3.com/offres-demploi/article/developpeur-typo3-confirme-cdd-paris.html]
[www.guidetypo3.com/offres-demploi/article/developpeur-typo3-interim-paris.html]
[www.guidetypo3.com/uploads/pics/LogoTWO.jpg]
[www.guidetypo3.com/offres-demploi/article/developpeur-web-expert-en-typo3-freelance-tunis.html]
[www.guidetypo3.com/uploads/pics/logo_100p100.jpg]
[www.guidetypo3.com/offres-demploi/article/developpeur-web-responsable-projet-cdi-montpellier.html]
[www.guidetypo3.com/uploads/pics/Soft_Maint_Tunisia.jpg]
[www.guidetypo3.com/offres-demploi/article/developpeur-web-typo3-cdi-tunis.html]
[www.guidetypo3.com/fileadmin/templates/templates_ext/glider/vertical_div_middle.png]
[www.guidetypo3.com/fileadmin/templates/templates_ext/glider/sidenav_on.png]
[www.guidetypo3.com/fileadmin/templates/templates_ext/glider/glider6css.css]
[www.guidetypo3.com/trucs-et-astuces/article/titre-des-news-dans-le-fil-dariane.html]
[www.guidetypo3.com/trucs-et-astuces/article/configuration-de-lextension-news-feedit.html]
[www.guidetypo3.com/trucs-et-astuces/article/inserer-un-code-highlight-dans-un-article-tt-news.html]
[www.guidetypo3.com/trucs-et-astuces/article/conditions-typoscript.html]
[www.guidetypo3.com/trucs-et-astuces/article/mise-a-jour-de-typo3-version-444-438-et-4215.html]
[www.guidetypo3.com/trucs-et-astuces/article/menu-des-pages-avec-icones.html]
[www.guidetypo3.com/trucs-et-astuces/article/recuperer-ladresse-ip-dans-une-formulaire-de-contact.html]
[www.guidetypo3.com/uploads/pics/email_field.png]
[www.guidetypo3.com/trucs-et-astuces/article/changer-le-mail-de-lexpediteur.html]
[www.guidetypo3.com/trucs-et-astuces/article/gerer-le-cache-sous-typo3.html]
[www.guidetypo3.com/trucs-et-astuces/page/1/article/ajouter-un-shortcut-icon.html]
[www.guidetypo3.com/trucs-et-astuces/page/2/article/ajouter-un-shortcut-icon.html]
[www.guidetypo3.com/trucs-et-astuces/page/1/article/inserer-des-flux-rss.html]
[www.guidetypo3.com/trucs-et-astuces/page/2/article/inserer-des-flux-rss.html]
[www.guidetypo3.com/en/news/article/demarrage-de-la-t3uni13.html]
[www.guidetypo3.com/en/page/1.html]
[www.guidetypo3.com/en/page/2.html]
[www.guidetypo3.com/en/page/3.html]
[www.guidetypo3.com/en/page/4.html]
[www.guidetypo3.com/en/suggest-a-job-offer.html]
[www.guidetypo3.com/en/job-offers.html]
[www.guidetypo3.com/en/extensions/news-tt-news.html]
[www.guidetypo3.com/en/extensions/frontend-login-for-website-users-felogin.html]
[www.guidetypo3.com/en/extensions/realurl-speaking-paths-for-typo3-realurl.html]
[www.guidetypo3.com/en/tips-and-tricks/article/disable-javascript-in-powermail.html]
[www.guidetypo3.com/en/tips-and-tricks/article/typoscript-change-default-doctype.html]
[www.guidetypo3.com/en/tips-and-tricks/article/typoscript-create-a-link-with-typolink.html]
[www.guidetypo3.com/en/tips-and-tricks/article/typoscript-change-the-body-tag.html]
[www.guidetypo3.com/en/tips-and-tricks/article/typoscript-insert-a-plugin-in-all-the-pages.html]
[www.guidetypo3.com/en/tips-and-tricks/article/check-a-website-with-google.html]
[www.guidetypo3.com/en/tips-and-tricks/page/1.html]
[www.guidetypo3.com/en/tips-and-tricks/page/2.html]
[www.guidetypo3.com/uploads/RTEmagicC_typo3-tree-ssh_01.jpg.jpg]
[www.guidetypo3.com/en/tutorials/article/typo3-package.html]
[www.guidetypo3.com/uploads/RTEmagicC_the_install_tool_is_locked_01.png.png]
[www.guidetypo3.com/uploads/RTEmagicC_installing_typo3_4_4_01.png.png]
[www.guidetypo3.com/uploads/RTEmagicC_installing_typo3_4_4_etape_1_01.png.png]
[www.guidetypo3.com/uploads/RTEmagicC_installing_typo3_4_4_etape_2_01.png.png]
[www.guidetypo3.com/uploads/RTEmagicC_installing_typo3_4_4_etape_3_01.png.png]
[www.guidetypo3.com/uploads/RTEmagicC_installing_typo3_4_4_fin_01.png.png]
[www.guidetypo3.com/en/tutorials/article/installation-mode-123.html]
[www.guidetypo3.com/uploads/RTEmagicC_arborescence_vide_01.png.png]
[www.guidetypo3.com/uploads/RTEmagicC_create_new_page_01.png.png]
[www.guidetypo3.com/uploads/RTEmagicC_new_page_01.png.png]
[www.guidetypo3.com/uploads/RTEmagicC_second_page_01.png.png]
[www.guidetypo3.com/uploads/RTEmagicC_click_page_01.png.png]
[www.guidetypo3.com/uploads/RTEmagicC_create_multiple_pages_01.png.png]
[www.guidetypo3.com/uploads/RTEmagicC_arborescence_pleine_01.png.png]
[www.guidetypo3.com/en/tutorials/article/managing-the-tree.html]
[www.guidetypo3.com/uploads/RTEmagicC_typical_page_content_02.png.png]
[www.guidetypo3.com/uploads/RTEmagicC_special_elements_01.png.png]
[www.guidetypo3.com/uploads/RTEmagicC_form_elements_01.png.png]
[www.guidetypo3.com/uploads/RTEmagicC_plugins_01.png.png]
[www.guidetypo3.com/en/tutorials/article/different-types-of-pages-and-content.html]
[www.guidetypo3.com/uploads/RTEmagicC_arborescence_membre_03.png.png]
[www.guidetypo3.com/uploads/RTEmagicC_contenu_membre_01.png.png]
[www.guidetypo3.com/uploads/RTEmagicC_liste_groupes_01.png.png]
[www.guidetypo3.com/uploads/RTEmagicC_liste_membres_01.png.png]
[www.guidetypo3.com/en/tutorials/article/configuring-the-administrator-system.html]
[www.guidetypo3.com/uploads/RTEmagicC_arborescence_membre_02.png.png]
[www.guidetypo3.com/uploads/RTEmagicC_page_permission_01.png.png]
[www.guidetypo3.com/uploads/RTEmagicC_page_permission_edit_01.png.png]
[www.guidetypo3.com/uploads/RTEmagicC_page_permission_after_edition_01.png.png]
[www.guidetypo3.com/en/tutorials/article/pages-security.html]
[www.guidetypo3.com/en/tutorials/article/managing-contents.html]
[www.guidetypo3.com/en/tutorials/article/formatting-text.html]
[www.guidetypo3.com/uploads/RTEmagicC_typo3-icone-lien_02.jpg.jpg]
[www.guidetypo3.com/uploads/RTEmagicC_typo3-link-page_01.jpg.jpg]
[www.guidetypo3.com/uploads/RTEmagicC_typo3-link-file_01.jpg.jpg]
[www.guidetypo3.com/uploads/RTEmagicC_typo3-link-external-url_01.jpg.jpg]
[www.guidetypo3.com/uploads/RTEmagicC_typo3-link-email_01.jpg.jpg]
[www.guidetypo3.com/en/tutorials/article/managing-links.html]
[www.guidetypo3.com/en/tutorials/article/managing-images.html]
[www.guidetypo3.com/en/tutorials/article/pages-and-content-translation.html]
[www.guidetypo3.com/en/tutorials/article/typoscript-language.html]
[www.guidetypo3.com/en/tutorials/article/management-templates.html]
[www.guidetypo3.com/en/tutorials/article/managing-css-and-javascript.html]
[www.guidetypo3.com/en/tutorials/article/management-of-typo3-extensions.html]
[www.guidetypo3.com/en/tutorials/article/extend-typo3-functionality.html]
[www.guidetypo3.com/uploads/RTEmagicC_typo3-form-1_01.jpg.jpg]
[www.guidetypo3.com/uploads/RTEmagicC_typo3-form-2_01.jpg.jpg]
[www.guidetypo3.com/en/tutorials/article/create-forms.html]
[www.guidetypo3.com/en/tutorials/article/managing-a-workflow.html]
[www.guidetypo3.com/en/downloads/download-typo3-cms.html]
[www.guidetypo3.com/en/downloads/typo3-templates.html]
[www.guidetypo3.com/en/downloads/translate-typo3-extensions.html]
[www.guidetypo3.com/en/downloads/typo3-tutorial.html]
[www.guidetypo3.com/index7d60.html]
[www.guidetypo3.com/index53e2.html]
[www.guidetypo3.com/index9b6e.html]
[www.guidetypo3.com/index10e5.html]
[www.guidetypo3.com/index8d2f.html]
[www.guidetypo3.com/index13d6.html]
[www.guidetypo3.com/indexc2f3.html]
[www.guidetypo3.com/indexba5c.html]
[www.guidetypo3.com/index9855.html]
[www.guidetypo3.com/index29c8.html]
[www.guidetypo3.com/index9aba.html]
[www.guidetypo3.com/index1b5c.html]
[www.guidetypo3.com/index00f7.html]
[www.guidetypo3.com/indexc9bb.html]
[www.guidetypo3.com/index6269.html]
[www.guidetypo3.com/index9c44.html]
[www.guidetypo3.com/indexa2ed.html]
[www.guidetypo3.com/index84b6.html]
[www.guidetypo3.com/index4841.html]
[www.guidetypo3.com/indexeca2.html]
[www.guidetypo3.com/indexc261.html]
[widgets.twimg.com/j/2/widget.js]
[www.guidetypo3.com/tn.html]
[www.guidetypo3.com/fr.html]
[www.guidetypo3.com/indexefda.html]
[www.guidetypo3.com/indexd5f7.html]
[www.guidetypo3.com/index0fa5.html]
[www.guidetypo3.com/indexbfc0.html]
[www.guidetypo3.com/en/news/article/typo3-46-final-version-is-out.html]
[www.guidetypo3.com/en/news/article/typo3-46-alpha1-version-is-out.html]
[www.guidetypo3.com/en/news/article/t3con11-frankfurt-made-by-typo3-50.html]
[www.guidetypo3.com/en/news/article/typo3-summer-university-2011-t3uni11.html]
[www.guidetypo3.com/en/news/article/free-typo3-templates-part-2.html]
[www.guidetypo3.com/en/news/article/typo3-newsletter.html]
[www.guidetypo3.com/en/news/article/typo3-developer-days-2011.html]
[www.guidetypo3.com/en/news/article/free-typo3-templates-part-1.html]
[www.guidetypo3.com/uploads/RTEmagicC_crossadsens_01.png.png]
[www.guidetypo3.com/uploads/RTEmagicC_googleadsense_01.png.png]
[www.guidetypo3.com/en/news/article/integrate-adsense-in-your-typo3-website.html]
[www.guidetypo3.com/en/news/article/typo3-icon-pack-for-social-networks.html]
[www.guidetypo3.com/en/news/article/new-web-agency-sitengo.html]
[www.guidetypo3.com/uploads/RTEmagicC_opensource-tn_02.gif.gif]
[www.guidetypo3.com/uploads/RTEmagicC_emploi-gov-tn_01.gif.gif]
[www.guidetypo3.com/uploads/RTEmagicC_e-justice-tn_01.gif.gif]
[www.guidetypo3.com/uploads/RTEmagicC_infocom-tn_01.gif.gif]
[www.guidetypo3.com/uploads/RTEmagicC_douane-gov-tn_01.gif.gif]
[www.guidetypo3.com/uploads/RTEmagicC_edunet-tn_01.gif.gif]
[www.guidetypo3.com/uploads/RTEmagicC_sagemcom-com_01.gif.gif]
[www.guidetypo3.com/uploads/RTEmagicC_mdci-gov-tn_01.gif.gif]
[www.guidetypo3.com/uploads/RTEmagicC_plansolairetunisien-tn_01.gif.gif]
[www.guidetypo3.com/uploads/RTEmagicC_aicto-org_01.gif.gif]
[www.guidetypo3.com/uploads/RTEmagicC_medplast-net_01.gif.gif]
[www.guidetypo3.com/uploads/RTEmagicC_atpne-net_01.gif.gif]
[www.guidetypo3.com/uploads/RTEmagicC_biweb-biz_02.gif.gif]
[www.guidetypo3.com/uploads/RTEmagicC_graphianet-com_01.gif.gif]
[www.guidetypo3.com/uploads/RTEmagicC_amdmetal-com_01.gif.gif]
[www.guidetypo3.com/uploads/RTEmagicC_okaftan-com_01.gif.gif]
[www.guidetypo3.com/uploads/RTEmagicC_lamsin_01.gif.gif]
[www.guidetypo3.com/uploads/RTEmagicC_webone-tunisie-com_01.gif.gif]
[www.guidetypo3.com/uploads/RTEmagicC_sfax-icttechnopark-tn_01.gif.gif]
[www.guidetypo3.com/en/news/article/tunisian-websites-made-with-typo3.html]
[www.guidetypo3.com/uploads/RTEmagicC_sh_08.jpg.jpg]
[www.guidetypo3.com/uploads/RTEmagicC_sh_09.jpg.jpg]
[www.guidetypo3.com/uploads/RTEmagicC_sh_051_01.jpg.jpg]
[www.guidetypo3.com/uploads/RTEmagicC_sh_11.jpg.jpg]
[www.guidetypo3.com/uploads/RTEmagicC_sh_12.jpg.jpg]
[www.guidetypo3.com/uploads/RTEmagicC_sh_021_02.jpg.jpg]
[www.guidetypo3.com/uploads/RTEmagicC_sh_031_01.jpg.jpg]
[www.guidetypo3.com/uploads/RTEmagicC_sh_13.jpg.jpg]
[www.guidetypo3.com/en/news/article/free-typo3-templates.html]
[www.guidetypo3.com/en/news/article/typo3-web-service.html]
[www.guidetypo3.com/en/news/article/new-fluid-slides.html]
[www.guidetypo3.com/en/news/article/launching-the-new-website-typo3-frorg.html]
[www.guidetypo3.com/uploads/RTEmagicC_239d0868f1.jpg.jpg]
[www.guidetypo3.com/en/news/article/the-release-of-typo3-version-44-stable.html]
[www.guidetypo3.com/en/news/article/seo-tt-news-articles.html]
[www.guidetypo3.com/en/news/article/seo-with-typo3.html]
[www.guidetypo3.com/en/news/article/display-pages-id-in-backend.html]
[www.guidetypo3.com/en/news/article/powermail-flush-session.html]
[www.guidetypo3.com/en/job-offers/article/developpeur-confirme-typo3-cdi-tunis.html]
[www.guidetypo3.com/en/job-offers/article/developpeur-typo3-confirme-cdd-paris.html]
[www.guidetypo3.com/en/job-offers/article/developpeur-typo3-interim-paris.html]
[www.guidetypo3.com/en/job-offers/article/developpeur-web-expert-en-typo3-freelance-tunis.html]
[www.guidetypo3.com/en/job-offers/article/developpeur-web-responsable-projet-cdi-montpellier.html]
[www.guidetypo3.com/uploads/pics/Soft_Maint_Tunisia_01.jpg]
[www.guidetypo3.com/en/job-offers/article/typo3-web-developer-cdi-tunis.html]
[www.guidetypo3.com/en/tips-and-tricks/article/title-of-news-in-the-breadcrumb.html]
[www.guidetypo3.com/en/tips-and-tricks/article/link-to-clear-all-caches.html]
[www.guidetypo3.com/en/tips-and-tricks/article/special-fields-in-typo3-mailform.html]
[www.guidetypo3.com/en/tips-and-tricks/article/configuration-of-the-extension-news-feedit.html]
[www.guidetypo3.com/en/tips-and-tricks/article/typoscript-conditions.html]
[www.guidetypo3.com/en/tips-and-tricks/article/update-typo3-versions-444-438-and-4215.html]
[www.guidetypo3.com/en/tips-and-tricks/article/menu-of-pages-with-icons.html]
[www.guidetypo3.com/en/tips-and-tricks/article/get-the-ip-address-in-a-contact-form.html]
[www.guidetypo3.com/en/tips-and-tricks/article/change-the-sender-email-address.html]
[www.guidetypo3.com/en/tips-and-tricks/article/managing-cache-in-typo3.html]
[www.guidetypo3.com/indexd3e7.html]
