[www.humanforcetunisie.com/candidat/Simulation-fiche-de-paie.html]
[backblue.gif]
[fade.gif]
[index.html]
[www.humanforcetunisie.com/style.css]
[www.humanforcetunisie.com/images/b.gif]
[www.humanforcetunisie.com/images/ar2.gif]
[www.humanforcetunisie.com/images/l1-1.gif]
[www.humanforcetunisie.com/images/l2-2.gif]
[www.humanforcetunisie.com/images/l3-3.gif]
[www.humanforcetunisie.com/images/l4-4.gif]
[www.humanforcetunisie.com/images/t-dr.jpg]
[www.humanforcetunisie.com/images/t-l.gif]
[www.humanforcetunisie.com/images/pagedef.gif]
[www.humanforcetunisie.com/images/recomamis.gif]
[www.humanforcetunisie.com/images/favoris.gif]
[www.humanforcetunisie.com/images/logo1.gif]
[www.humanforcetunisie.com/images/logo2.gif]
[www.humanforcetunisie.com/images/l1.gif]
[www.humanforcetunisie.com/images/l2.gif]
[www.humanforcetunisie.com/images/l3.gif]
[www.humanforcetunisie.com/images/l4.gif]
[www.humanforcetunisie.com/images/logo3.gif]
[www.humanforcetunisie.com/images/t-r.gif]
[www.humanforcetunisie.com/images/spacer.gif]
[www.humanforcetunisie.com/images/f-dr.gif]
[www.humanforcetunisie.com/images/f.jpg]
[www.humanforcetunisie.com/images/slogan.gif]
[www.humanforcetunisie.com/images/men.jpg]
[www.humanforcetunisie.com/images/BordureMenu.gif]
[www.humanforcetunisie.com/candidat/index.html]
[www.humanforcetunisie.com/images/can.gif]
[www.humanforcetunisie.com/candidat/offre-emploi-human-force.html]
[www.humanforcetunisie.com/candidat/interimaire-human-force.html]
[www.humanforcetunisie.com/candidat/rediger-cv.html]
[www.humanforcetunisie.com/images/et.gif]
[www.humanforcetunisie.com/images/b-dr.gif]
[www.humanforcetunisie.com/images/t4.gif]
[www.humanforcetunisie.com/images/ok.gif]
[www.humanforcetunisie.com/images/r.gif]
[www.humanforcetunisie.com/candidat/Simulation-fiche-de-paie.html]
[www.humanforcetunisie.com/images/a.gif]
[www.humanforcetunisie.com/style.css]
[www.humanforcetunisie.com/images/bordurehautcandi.gif]
[www.humanforcetunisie.com/images/fleche.gif]
[www.humanforcetunisie.com/images/1-p3-5.jpg]
[www.humanforcetunisie.com/images/ar3.gif]
[www.humanforcetunisie.com/candidat/index.html]
[www.humanforcetunisie.com/images/sigleannonce.gif]
[www.humanforcetunisie.com/images/bordurebashf.gif]
[www.humanforcetunisie.com/candidat/offre-emploi-human-force3fbf.html]
[www.humanforcetunisie.com/candidat/offre-emploi-human-forcebd24.html]
[www.humanforcetunisie.com/candidat/offre-emploi-human-force.html]
[www.humanforcetunisie.com/images/cvtunisie.jpg]
[www.humanforcetunisie.com/images/1-p3-1.jpg]
[www.humanforcetunisie.com/images/1-p3-4.jpg]
[www.humanforcetunisie.com/images/1-p3-2.jpg]
[www.humanforcetunisie.com/candidat/interimaire-human-force.html]
[www.humanforcetunisie.com/candidat/rediger-cv.html]
[www.humanforcetunisie.com/candidat/offre-emploi-human-forceb682.html]
[www.humanforcetunisie.com/candidat/offre-emploi-human-forcedb62.html]
[www.humanforcetunisie.com/candidat/offre-emploi-human-force3fbf.html]
[www.humanforcetunisie.com/candidat/offre-emploi-human-forceff08.html]
[www.humanforcetunisie.com/candidat/offre-emploi-human-forcebd24.html]
[www.humanforcetunisie.com/candidat/offre-emploi-human-forceb682.html]
[www.humanforcetunisie.com/candidat/offre-emploi-human-force8d64.html]
[www.humanforcetunisie.com/candidat/offre-emploi-human-forcedb62.html]
[www.humanforcetunisie.com/candidat/offre-emploi-human-forcee46c.html]
[www.humanforcetunisie.com/candidat/offre-emploi-human-forceff08.html]
[www.humanforcetunisie.com/candidat/offre-emploi-human-force8dc5.html]
[www.humanforcetunisie.com/candidat/offre-emploi-human-force8d64.html]
[www.humanforcetunisie.com/candidat/offre-emploi-human-forceffef.html]
[www.humanforcetunisie.com/candidat/offre-emploi-human-forcee46c.html]
[www.humanforcetunisie.com/candidat/offre-emploi-human-force8acc.html]
[www.humanforcetunisie.com/candidat/offre-emploi-human-force8dc5.html]
[www.humanforcetunisie.com/candidat/offre-emploi-human-force9b89.html]
[www.humanforcetunisie.com/candidat/offre-emploi-human-forceffef.html]
[www.humanforcetunisie.com/candidat/offre-emploi-human-force5ebe.html]
[www.humanforcetunisie.com/candidat/offre-emploi-human-force8acc.html]
[www.humanforcetunisie.com/candidat/offre-emploi-human-force9f15.html]
[www.humanforcetunisie.com/candidat/offre-emploi-human-force9b89.html]
[www.humanforcetunisie.com/candidat/offre-emploi-human-force951d.html]
[www.humanforcetunisie.com/candidat/offre-emploi-human-force5ebe.html]
[www.humanforcetunisie.com/candidat/offre-emploi-human-force97bd.html]
[www.humanforcetunisie.com/candidat/offre-emploi-human-force9f15.html]
[www.humanforcetunisie.com/candidat/offre-emploi-human-force1e07.html]
[www.humanforcetunisie.com/candidat/offre-emploi-human-force951d.html]
[www.humanforcetunisie.com/candidat/offre-emploi-human-forceca65.html]
[www.humanforcetunisie.com/candidat/offre-emploi-human-force97bd.html]
[www.humanforcetunisie.com/candidat/offre-emploi-human-forcea442.html]
[www.humanforcetunisie.com/candidat/offre-emploi-human-force1e07.html]
[www.humanforcetunisie.com/candidat/offre-emploi-human-forceca65.html]
[www.humanforcetunisie.com/candidat/offre-emploi-human-forcea442.html]
